25-May-2026 15:27:22.185 INFO [main] org.apache.catalina.core.ApplicationContext.log ContextListener: contextInitialized()
25-May-2026 15:27:22.185 INFO [main] org.apache.catalina.core.ApplicationContext.log SessionListener: contextInitialized()
25-May-2026 15:27:22.187 INFO [main] org.apache.catalina.core.ApplicationContext.log ContextListener: attributeAdded('StockTicker', 'async.Stockticker@26a4551a')
25-May-2026 15:38:42.406 INFO [main] org.apache.catalina.core.ApplicationContext.log SessionListener: contextDestroyed()
25-May-2026 15:38:42.406 INFO [main] org.apache.catalina.core.ApplicationContext.log ContextListener: contextDestroyed()
25-May-2026 16:58:32.358 INFO [main] org.apache.catalina.core.ApplicationContext.log ContextListener: contextInitialized()
25-May-2026 16:58:32.358 INFO [main] org.apache.catalina.core.ApplicationContext.log SessionListener: contextInitialized()
25-May-2026 16:58:32.359 INFO [main] org.apache.catalina.core.ApplicationContext.log ContextListener: attributeAdded('StockTicker', 'async.Stockticker@62b969c4')
25-May-2026 16:58:50.269 INFO [main] org.apache.catalina.core.ApplicationContext.log SessionListener: contextDestroyed()
25-May-2026 16:58:50.269 INFO [main] org.apache.catalina.core.ApplicationContext.log ContextListener: contextDestroyed()
25-May-2026 17:42:55.673 INFO [main] org.apache.catalina.core.ApplicationContext.log ContextListener: contextInitialized()
25-May-2026 17:42:55.677 INFO [main] org.apache.catalina.core.ApplicationContext.log SessionListener: contextInitialized()
25-May-2026 17:42:55.678 INFO [main] org.apache.catalina.core.ApplicationContext.log ContextListener: attributeAdded('StockTicker', 'async.Stockticker@1f387978')
25-May-2026 17:43:04.252 SEVERE [http-nio-8080-exec-2] org.apache.catalina.core.StandardWrapperValve.invoke Servlet.service() for servlet [UserController] in context with path [/bd2022] threw exception
	java.lang.NullPointerException: inStream parameter is null
		at java.base/java.util.Objects.requireNonNull(Objects.java:259)
		at java.base/java.util.Properties.load(Properties.java:410)
		at jdbc.ConnectionFactory.getInstance(ConnectionFactory.java:32)
		at dao.DAOFactory.getInstance(DAOFactory.java:21)
		at controller.UserController.doGet(UserController.java:98)
		at javax.servlet.http.HttpServlet.service(HttpServlet.java:529)
		at javax.servlet.http.HttpServlet.service(HttpServlet.java:623)
		at org.apache.catalina.core.ApplicationFilterChain.internalDoFilter(ApplicationFilterChain.java:210)
		at org.apache.catalina.core.ApplicationFilterChain.doFilter(ApplicationFilterChain.java:154)
		at org.apache.tomcat.websocket.server.WsFilter.doFilter(WsFilter.java:51)
		at org.apache.catalina.core.ApplicationFilterChain.internalDoFilter(ApplicationFilterChain.java:179)
		at org.apache.catalina.core.ApplicationFilterChain.doFilter(ApplicationFilterChain.java:154)
		at org.apache.catalina.core.StandardWrapperValve.invoke(StandardWrapperValve.java:168)
		at org.apache.catalina.core.StandardContextValve.invoke(StandardContextValve.java:90)
		at org.apache.catalina.authenticator.AuthenticatorBase.invoke(AuthenticatorBase.java:481)
		at org.apache.catalina.core.StandardHostValve.invoke(StandardHostValve.java:130)
		at org.apache.catalina.valves.ErrorReportValve.invoke(ErrorReportValve.java:93)
		at org.apache.catalina.valves.AbstractAccessLogValve.invoke(AbstractAccessLogValve.java:670)
		at org.apache.catalina.core.StandardEngineValve.invoke(StandardEngineValve.java:74)
		at org.apache.catalina.connector.CoyoteAdapter.service(CoyoteAdapter.java:346)
		at org.apache.coyote.http11.Http11Processor.service(Http11Processor.java:390)
		at org.apache.coyote.AbstractProcessorLight.process(AbstractProcessorLight.java:63)
		at org.apache.coyote.AbstractProtocol$ConnectionHandler.process(AbstractProtocol.java:928)
		at org.apache.tomcat.util.net.NioEndpoint$SocketProcessor.doRun(NioEndpoint.java:1786)
		at org.apache.tomcat.util.net.SocketProcessorBase.run(SocketProcessorBase.java:52)
		at org.apache.tomcat.util.threads.ThreadPoolExecutor.runWorker(ThreadPoolExecutor.java:1191)
		at org.apache.tomcat.util.threads.ThreadPoolExecutor$Worker.run(ThreadPoolExecutor.java:659)
		at org.apache.tomcat.util.threads.TaskThread$WrappingRunnable.run(TaskThread.java:63)
		at java.base/java.lang.Thread.run(Thread.java:1583)
25-May-2026 17:43:11.689 SEVERE [http-nio-8080-exec-3] org.apache.catalina.core.StandardWrapperValve.invoke Servlet.service() for servlet [UserController] in context with path [/bd2022] threw exception
	java.lang.NullPointerException: inStream parameter is null
		at java.base/java.util.Objects.requireNonNull(Objects.java:259)
		at java.base/java.util.Properties.load(Properties.java:410)
		at jdbc.ConnectionFactory.getInstance(ConnectionFactory.java:32)
		at dao.DAOFactory.getInstance(DAOFactory.java:21)
		at controller.UserController.doGet(UserController.java:98)
		at javax.servlet.http.HttpServlet.service(HttpServlet.java:529)
		at javax.servlet.http.HttpServlet.service(HttpServlet.java:623)
		at org.apache.catalina.core.ApplicationFilterChain.internalDoFilter(ApplicationFilterChain.java:210)
		at org.apache.catalina.core.ApplicationFilterChain.doFilter(ApplicationFilterChain.java:154)
		at org.apache.tomcat.websocket.server.WsFilter.doFilter(WsFilter.java:51)
		at org.apache.catalina.core.ApplicationFilterChain.internalDoFilter(ApplicationFilterChain.java:179)
		at org.apache.catalina.core.ApplicationFilterChain.doFilter(ApplicationFilterChain.java:154)
		at org.apache.catalina.core.StandardWrapperValve.invoke(StandardWrapperValve.java:168)
		at org.apache.catalina.core.StandardContextValve.invoke(StandardContextValve.java:90)
		at org.apache.catalina.authenticator.AuthenticatorBase.invoke(AuthenticatorBase.java:481)
		at org.apache.catalina.core.StandardHostValve.invoke(StandardHostValve.java:130)
		at org.apache.catalina.valves.ErrorReportValve.invoke(ErrorReportValve.java:93)
		at org.apache.catalina.valves.AbstractAccessLogValve.invoke(AbstractAccessLogValve.java:670)
		at org.apache.catalina.core.StandardEngineValve.invoke(StandardEngineValve.java:74)
		at org.apache.catalina.connector.CoyoteAdapter.service(CoyoteAdapter.java:346)
		at org.apache.coyote.http11.Http11Processor.service(Http11Processor.java:390)
		at org.apache.coyote.AbstractProcessorLight.process(AbstractProcessorLight.java:63)
		at org.apache.coyote.AbstractProtocol$ConnectionHandler.process(AbstractProtocol.java:928)
		at org.apache.tomcat.util.net.NioEndpoint$SocketProcessor.doRun(NioEndpoint.java:1786)
		at org.apache.tomcat.util.net.SocketProcessorBase.run(SocketProcessorBase.java:52)
		at org.apache.tomcat.util.threads.ThreadPoolExecutor.runWorker(ThreadPoolExecutor.java:1191)
		at org.apache.tomcat.util.threads.ThreadPoolExecutor$Worker.run(ThreadPoolExecutor.java:659)
		at org.apache.tomcat.util.threads.TaskThread$WrappingRunnable.run(TaskThread.java:63)
		at java.base/java.lang.Thread.run(Thread.java:1583)
25-May-2026 17:43:12.560 SEVERE [http-nio-8080-exec-4] org.apache.catalina.core.StandardWrapperValve.invoke Servlet.service() for servlet [UserController] in context with path [/bd2022] threw exception
	java.lang.NullPointerException: inStream parameter is null
		at java.base/java.util.Objects.requireNonNull(Objects.java:259)
		at java.base/java.util.Properties.load(Properties.java:410)
		at jdbc.ConnectionFactory.getInstance(ConnectionFactory.java:32)
		at dao.DAOFactory.getInstance(DAOFactory.java:21)
		at controller.UserController.doGet(UserController.java:98)
		at javax.servlet.http.HttpServlet.service(HttpServlet.java:529)
		at javax.servlet.http.HttpServlet.service(HttpServlet.java:623)
		at org.apache.catalina.core.ApplicationFilterChain.internalDoFilter(ApplicationFilterChain.java:210)
		at org.apache.catalina.core.ApplicationFilterChain.doFilter(ApplicationFilterChain.java:154)
		at org.apache.tomcat.websocket.server.WsFilter.doFilter(WsFilter.java:51)
		at org.apache.catalina.core.ApplicationFilterChain.internalDoFilter(ApplicationFilterChain.java:179)
		at org.apache.catalina.core.ApplicationFilterChain.doFilter(ApplicationFilterChain.java:154)
		at org.apache.catalina.core.StandardWrapperValve.invoke(StandardWrapperValve.java:168)
		at org.apache.catalina.core.StandardContextValve.invoke(StandardContextValve.java:90)
		at org.apache.catalina.authenticator.AuthenticatorBase.invoke(AuthenticatorBase.java:481)
		at org.apache.catalina.core.StandardHostValve.invoke(StandardHostValve.java:130)
		at org.apache.catalina.valves.ErrorReportValve.invoke(ErrorReportValve.java:93)
		at org.apache.catalina.valves.AbstractAccessLogValve.invoke(AbstractAccessLogValve.java:670)
		at org.apache.catalina.core.StandardEngineValve.invoke(StandardEngineValve.java:74)
		at org.apache.catalina.connector.CoyoteAdapter.service(CoyoteAdapter.java:346)
		at org.apache.coyote.http11.Http11Processor.service(Http11Processor.java:390)
		at org.apache.coyote.AbstractProcessorLight.process(AbstractProcessorLight.java:63)
		at org.apache.coyote.AbstractProtocol$ConnectionHandler.process(AbstractProtocol.java:928)
		at org.apache.tomcat.util.net.NioEndpoint$SocketProcessor.doRun(NioEndpoint.java:1786)
		at org.apache.tomcat.util.net.SocketProcessorBase.run(SocketProcessorBase.java:52)
		at org.apache.tomcat.util.threads.ThreadPoolExecutor.runWorker(ThreadPoolExecutor.java:1191)
		at org.apache.tomcat.util.threads.ThreadPoolExecutor$Worker.run(ThreadPoolExecutor.java:659)
		at org.apache.tomcat.util.threads.TaskThread$WrappingRunnable.run(TaskThread.java:63)
		at java.base/java.lang.Thread.run(Thread.java:1583)
25-May-2026 17:43:22.875 INFO [main] org.apache.catalina.core.ApplicationContext.log SessionListener: contextDestroyed()
25-May-2026 17:43:22.878 INFO [main] org.apache.catalina.core.ApplicationContext.log ContextListener: contextDestroyed()
25-May-2026 17:43:52.274 INFO [main] org.apache.catalina.core.ApplicationContext.log ContextListener: contextInitialized()
25-May-2026 17:43:52.276 INFO [main] org.apache.catalina.core.ApplicationContext.log SessionListener: contextInitialized()
25-May-2026 17:43:52.278 INFO [main] org.apache.catalina.core.ApplicationContext.log ContextListener: attributeAdded('StockTicker', 'async.Stockticker@64c4c01')
25-May-2026 17:43:55.136 SEVERE [http-nio-8080-exec-1] org.apache.catalina.core.StandardWrapperValve.invoke Servlet.service() for servlet [UserController] in context with path [/bd2022] threw exception
	java.lang.NullPointerException: inStream parameter is null
		at java.base/java.util.Objects.requireNonNull(Objects.java:259)
		at java.base/java.util.Properties.load(Properties.java:410)
		at jdbc.ConnectionFactory.getInstance(ConnectionFactory.java:32)
		at dao.DAOFactory.getInstance(DAOFactory.java:21)
		at controller.UserController.doGet(UserController.java:98)
		at javax.servlet.http.HttpServlet.service(HttpServlet.java:529)
		at javax.servlet.http.HttpServlet.service(HttpServlet.java:623)
		at org.apache.catalina.core.ApplicationFilterChain.internalDoFilter(ApplicationFilterChain.java:210)
		at org.apache.catalina.core.ApplicationFilterChain.doFilter(ApplicationFilterChain.java:154)
		at org.apache.tomcat.websocket.server.WsFilter.doFilter(WsFilter.java:51)
		at org.apache.catalina.core.ApplicationFilterChain.internalDoFilter(ApplicationFilterChain.java:179)
		at org.apache.catalina.core.ApplicationFilterChain.doFilter(ApplicationFilterChain.java:154)
		at org.apache.catalina.core.StandardWrapperValve.invoke(StandardWrapperValve.java:168)
		at org.apache.catalina.core.StandardContextValve.invoke(StandardContextValve.java:90)
		at org.apache.catalina.authenticator.AuthenticatorBase.invoke(AuthenticatorBase.java:481)
		at org.apache.catalina.core.StandardHostValve.invoke(StandardHostValve.java:130)
		at org.apache.catalina.valves.ErrorReportValve.invoke(ErrorReportValve.java:93)
		at org.apache.catalina.valves.AbstractAccessLogValve.invoke(AbstractAccessLogValve.java:670)
		at org.apache.catalina.core.StandardEngineValve.invoke(StandardEngineValve.java:74)
		at org.apache.catalina.connector.CoyoteAdapter.service(CoyoteAdapter.java:346)
		at org.apache.coyote.http11.Http11Processor.service(Http11Processor.java:390)
		at org.apache.coyote.AbstractProcessorLight.process(AbstractProcessorLight.java:63)
		at org.apache.coyote.AbstractProtocol$ConnectionHandler.process(AbstractProtocol.java:928)
		at org.apache.tomcat.util.net.NioEndpoint$SocketProcessor.doRun(NioEndpoint.java:1786)
		at org.apache.tomcat.util.net.SocketProcessorBase.run(SocketProcessorBase.java:52)
		at org.apache.tomcat.util.threads.ThreadPoolExecutor.runWorker(ThreadPoolExecutor.java:1191)
		at org.apache.tomcat.util.threads.ThreadPoolExecutor$Worker.run(ThreadPoolExecutor.java:659)
		at org.apache.tomcat.util.threads.TaskThread$WrappingRunnable.run(TaskThread.java:63)
		at java.base/java.lang.Thread.run(Thread.java:1583)
25-May-2026 17:45:03.595 INFO [main] org.apache.catalina.core.ApplicationContext.log SessionListener: contextDestroyed()
25-May-2026 17:45:03.595 INFO [main] org.apache.catalina.core.ApplicationContext.log ContextListener: contextDestroyed()
25-May-2026 17:45:09.050 INFO [main] org.apache.catalina.core.ApplicationContext.log ContextListener: contextInitialized()
25-May-2026 17:45:09.051 INFO [main] org.apache.catalina.core.ApplicationContext.log SessionListener: contextInitialized()
25-May-2026 17:45:09.053 INFO [main] org.apache.catalina.core.ApplicationContext.log ContextListener: attributeAdded('StockTicker', 'async.Stockticker@7cb2651f')
25-May-2026 17:45:10.411 SEVERE [http-nio-8080-exec-1] org.apache.catalina.core.StandardWrapperValve.invoke Servlet.service() for servlet [UserController] in context with path [/bd2022] threw exception
	java.lang.NullPointerException: inStream parameter is null
		at java.base/java.util.Objects.requireNonNull(Objects.java:259)
		at java.base/java.util.Properties.load(Properties.java:410)
		at jdbc.ConnectionFactory.getInstance(ConnectionFactory.java:32)
		at dao.DAOFactory.getInstance(DAOFactory.java:21)
		at controller.UserController.doGet(UserController.java:98)
		at javax.servlet.http.HttpServlet.service(HttpServlet.java:529)
		at javax.servlet.http.HttpServlet.service(HttpServlet.java:623)
		at org.apache.catalina.core.ApplicationFilterChain.internalDoFilter(ApplicationFilterChain.java:210)
		at org.apache.catalina.core.ApplicationFilterChain.doFilter(ApplicationFilterChain.java:154)
		at org.apache.tomcat.websocket.server.WsFilter.doFilter(WsFilter.java:51)
		at org.apache.catalina.core.ApplicationFilterChain.internalDoFilter(ApplicationFilterChain.java:179)
		at org.apache.catalina.core.ApplicationFilterChain.doFilter(ApplicationFilterChain.java:154)
		at org.apache.catalina.core.StandardWrapperValve.invoke(StandardWrapperValve.java:168)
		at org.apache.catalina.core.StandardContextValve.invoke(StandardContextValve.java:90)
		at org.apache.catalina.authenticator.AuthenticatorBase.invoke(AuthenticatorBase.java:481)
		at org.apache.catalina.core.StandardHostValve.invoke(StandardHostValve.java:130)
		at org.apache.catalina.valves.ErrorReportValve.invoke(ErrorReportValve.java:93)
		at org.apache.catalina.valves.AbstractAccessLogValve.invoke(AbstractAccessLogValve.java:670)
		at org.apache.catalina.core.StandardEngineValve.invoke(StandardEngineValve.java:74)
		at org.apache.catalina.connector.CoyoteAdapter.service(CoyoteAdapter.java:346)
		at org.apache.coyote.http11.Http11Processor.service(Http11Processor.java:390)
		at org.apache.coyote.AbstractProcessorLight.process(AbstractProcessorLight.java:63)
		at org.apache.coyote.AbstractProtocol$ConnectionHandler.process(AbstractProtocol.java:928)
		at org.apache.tomcat.util.net.NioEndpoint$SocketProcessor.doRun(NioEndpoint.java:1786)
		at org.apache.tomcat.util.net.SocketProcessorBase.run(SocketProcessorBase.java:52)
		at org.apache.tomcat.util.threads.ThreadPoolExecutor.runWorker(ThreadPoolExecutor.java:1191)
		at org.apache.tomcat.util.threads.ThreadPoolExecutor$Worker.run(ThreadPoolExecutor.java:659)
		at org.apache.tomcat.util.threads.TaskThread$WrappingRunnable.run(TaskThread.java:63)
		at java.base/java.lang.Thread.run(Thread.java:1583)
25-May-2026 17:48:49.420 INFO [main] org.apache.catalina.core.ApplicationContext.log SessionListener: contextDestroyed()
25-May-2026 17:48:49.420 INFO [main] org.apache.catalina.core.ApplicationContext.log ContextListener: contextDestroyed()
25-May-2026 17:49:01.977 INFO [main] org.apache.catalina.core.ApplicationContext.log ContextListener: contextInitialized()
25-May-2026 17:49:01.977 INFO [main] org.apache.catalina.core.ApplicationContext.log SessionListener: contextInitialized()
25-May-2026 17:49:01.978 INFO [main] org.apache.catalina.core.ApplicationContext.log ContextListener: attributeAdded('StockTicker', 'async.Stockticker@17b64941')
25-May-2026 17:49:03.258 SEVERE [http-nio-8080-exec-1] org.apache.catalina.core.StandardWrapperValve.invoke Servlet.service() for servlet [UserController] in context with path [/bd2022] threw exception
	java.lang.NullPointerException: inStream parameter is null
		at java.base/java.util.Objects.requireNonNull(Objects.java:259)
		at java.base/java.util.Properties.load(Properties.java:410)
		at jdbc.ConnectionFactory.getInstance(ConnectionFactory.java:32)
		at dao.DAOFactory.getInstance(DAOFactory.java:21)
		at controller.UserController.doGet(UserController.java:98)
		at javax.servlet.http.HttpServlet.service(HttpServlet.java:529)
		at javax.servlet.http.HttpServlet.service(HttpServlet.java:623)
		at org.apache.catalina.core.ApplicationFilterChain.internalDoFilter(ApplicationFilterChain.java:210)
		at org.apache.catalina.core.ApplicationFilterChain.doFilter(ApplicationFilterChain.java:154)
		at org.apache.tomcat.websocket.server.WsFilter.doFilter(WsFilter.java:51)
		at org.apache.catalina.core.ApplicationFilterChain.internalDoFilter(ApplicationFilterChain.java:179)
		at org.apache.catalina.core.ApplicationFilterChain.doFilter(ApplicationFilterChain.java:154)
		at org.apache.catalina.core.StandardWrapperValve.invoke(StandardWrapperValve.java:168)
		at org.apache.catalina.core.StandardContextValve.invoke(StandardContextValve.java:90)
		at org.apache.catalina.authenticator.AuthenticatorBase.invoke(AuthenticatorBase.java:481)
		at org.apache.catalina.core.StandardHostValve.invoke(StandardHostValve.java:130)
		at org.apache.catalina.valves.ErrorReportValve.invoke(ErrorReportValve.java:93)
		at org.apache.catalina.valves.AbstractAccessLogValve.invoke(AbstractAccessLogValve.java:670)
		at org.apache.catalina.core.StandardEngineValve.invoke(StandardEngineValve.java:74)
		at org.apache.catalina.connector.CoyoteAdapter.service(CoyoteAdapter.java:346)
		at org.apache.coyote.http11.Http11Processor.service(Http11Processor.java:390)
		at org.apache.coyote.AbstractProcessorLight.process(AbstractProcessorLight.java:63)
		at org.apache.coyote.AbstractProtocol$ConnectionHandler.process(AbstractProtocol.java:928)
		at org.apache.tomcat.util.net.NioEndpoint$SocketProcessor.doRun(NioEndpoint.java:1786)
		at org.apache.tomcat.util.net.SocketProcessorBase.run(SocketProcessorBase.java:52)
		at org.apache.tomcat.util.threads.ThreadPoolExecutor.runWorker(ThreadPoolExecutor.java:1191)
		at org.apache.tomcat.util.threads.ThreadPoolExecutor$Worker.run(ThreadPoolExecutor.java:659)
		at org.apache.tomcat.util.threads.TaskThread$WrappingRunnable.run(TaskThread.java:63)
		at java.base/java.lang.Thread.run(Thread.java:1583)
25-May-2026 17:55:59.461 INFO [main] org.apache.catalina.core.ApplicationContext.log SessionListener: contextDestroyed()
25-May-2026 17:55:59.461 INFO [main] org.apache.catalina.core.ApplicationContext.log ContextListener: contextDestroyed()
25-May-2026 17:56:27.559 INFO [main] org.apache.catalina.core.ApplicationContext.log ContextListener: contextInitialized()
25-May-2026 17:56:27.559 INFO [main] org.apache.catalina.core.ApplicationContext.log SessionListener: contextInitialized()
25-May-2026 17:56:27.560 INFO [main] org.apache.catalina.core.ApplicationContext.log ContextListener: attributeAdded('StockTicker', 'async.Stockticker@62b969c4')
25-May-2026 17:56:30.013 SEVERE [http-nio-8080-exec-2] org.apache.catalina.core.StandardWrapperValve.invoke Servlet.service() for servlet [UserController] in context with path [/bd2022] threw exception
	java.lang.NullPointerException: inStream parameter is null
		at java.base/java.util.Objects.requireNonNull(Objects.java:259)
		at java.base/java.util.Properties.load(Properties.java:410)
		at jdbc.ConnectionFactory.getInstance(ConnectionFactory.java:32)
		at dao.DAOFactory.getInstance(DAOFactory.java:21)
		at controller.UserController.doGet(UserController.java:98)
		at javax.servlet.http.HttpServlet.service(HttpServlet.java:529)
		at javax.servlet.http.HttpServlet.service(HttpServlet.java:623)
		at org.apache.catalina.core.ApplicationFilterChain.internalDoFilter(ApplicationFilterChain.java:210)
		at org.apache.catalina.core.ApplicationFilterChain.doFilter(ApplicationFilterChain.java:154)
		at org.apache.tomcat.websocket.server.WsFilter.doFilter(WsFilter.java:51)
		at org.apache.catalina.core.ApplicationFilterChain.internalDoFilter(ApplicationFilterChain.java:179)
		at org.apache.catalina.core.ApplicationFilterChain.doFilter(ApplicationFilterChain.java:154)
		at org.apache.catalina.core.StandardWrapperValve.invoke(StandardWrapperValve.java:168)
		at org.apache.catalina.core.StandardContextValve.invoke(StandardContextValve.java:90)
		at org.apache.catalina.authenticator.AuthenticatorBase.invoke(AuthenticatorBase.java:481)
		at org.apache.catalina.core.StandardHostValve.invoke(StandardHostValve.java:130)
		at org.apache.catalina.valves.ErrorReportValve.invoke(ErrorReportValve.java:93)
		at org.apache.catalina.valves.AbstractAccessLogValve.invoke(AbstractAccessLogValve.java:670)
		at org.apache.catalina.core.StandardEngineValve.invoke(StandardEngineValve.java:74)
		at org.apache.catalina.connector.CoyoteAdapter.service(CoyoteAdapter.java:346)
		at org.apache.coyote.http11.Http11Processor.service(Http11Processor.java:390)
		at org.apache.coyote.AbstractProcessorLight.process(AbstractProcessorLight.java:63)
		at org.apache.coyote.AbstractProtocol$ConnectionHandler.process(AbstractProtocol.java:928)
		at org.apache.tomcat.util.net.NioEndpoint$SocketProcessor.doRun(NioEndpoint.java:1786)
		at org.apache.tomcat.util.net.SocketProcessorBase.run(SocketProcessorBase.java:52)
		at org.apache.tomcat.util.threads.ThreadPoolExecutor.runWorker(ThreadPoolExecutor.java:1191)
		at org.apache.tomcat.util.threads.ThreadPoolExecutor$Worker.run(ThreadPoolExecutor.java:659)
		at org.apache.tomcat.util.threads.TaskThread$WrappingRunnable.run(TaskThread.java:63)
		at java.base/java.lang.Thread.run(Thread.java:1583)
25-May-2026 17:56:40.597 SEVERE [http-nio-8080-exec-4] org.apache.catalina.core.StandardWrapperValve.invoke Servlet.service() for servlet [UserController] in context with path [/bd2022] threw exception
	java.lang.NullPointerException: inStream parameter is null
		at java.base/java.util.Objects.requireNonNull(Objects.java:259)
		at java.base/java.util.Properties.load(Properties.java:410)
		at jdbc.ConnectionFactory.getInstance(ConnectionFactory.java:32)
		at dao.DAOFactory.getInstance(DAOFactory.java:21)
		at controller.UserController.doGet(UserController.java:98)
		at javax.servlet.http.HttpServlet.service(HttpServlet.java:529)
		at javax.servlet.http.HttpServlet.service(HttpServlet.java:623)
		at org.apache.catalina.core.ApplicationFilterChain.internalDoFilter(ApplicationFilterChain.java:210)
		at org.apache.catalina.core.ApplicationFilterChain.doFilter(ApplicationFilterChain.java:154)
		at org.apache.tomcat.websocket.server.WsFilter.doFilter(WsFilter.java:51)
		at org.apache.catalina.core.ApplicationFilterChain.internalDoFilter(ApplicationFilterChain.java:179)
		at org.apache.catalina.core.ApplicationFilterChain.doFilter(ApplicationFilterChain.java:154)
		at org.apache.catalina.core.StandardWrapperValve.invoke(StandardWrapperValve.java:168)
		at org.apache.catalina.core.StandardContextValve.invoke(StandardContextValve.java:90)
		at org.apache.catalina.authenticator.AuthenticatorBase.invoke(AuthenticatorBase.java:481)
		at org.apache.catalina.core.StandardHostValve.invoke(StandardHostValve.java:130)
		at org.apache.catalina.valves.ErrorReportValve.invoke(ErrorReportValve.java:93)
		at org.apache.catalina.valves.AbstractAccessLogValve.invoke(AbstractAccessLogValve.java:670)
		at org.apache.catalina.core.StandardEngineValve.invoke(StandardEngineValve.java:74)
		at org.apache.catalina.connector.CoyoteAdapter.service(CoyoteAdapter.java:346)
		at org.apache.coyote.http11.Http11Processor.service(Http11Processor.java:390)
		at org.apache.coyote.AbstractProcessorLight.process(AbstractProcessorLight.java:63)
		at org.apache.coyote.AbstractProtocol$ConnectionHandler.process(AbstractProtocol.java:928)
		at org.apache.tomcat.util.net.NioEndpoint$SocketProcessor.doRun(NioEndpoint.java:1786)
		at org.apache.tomcat.util.net.SocketProcessorBase.run(SocketProcessorBase.java:52)
		at org.apache.tomcat.util.threads.ThreadPoolExecutor.runWorker(ThreadPoolExecutor.java:1191)
		at org.apache.tomcat.util.threads.ThreadPoolExecutor$Worker.run(ThreadPoolExecutor.java:659)
		at org.apache.tomcat.util.threads.TaskThread$WrappingRunnable.run(TaskThread.java:63)
		at java.base/java.lang.Thread.run(Thread.java:1583)
25-May-2026 18:02:11.113 INFO [main] org.apache.catalina.core.ApplicationContext.log SessionListener: contextDestroyed()
25-May-2026 18:02:11.113 INFO [main] org.apache.catalina.core.ApplicationContext.log ContextListener: contextDestroyed()
25-May-2026 18:02:21.651 INFO [main] org.apache.catalina.core.ApplicationContext.log ContextListener: contextInitialized()
25-May-2026 18:02:21.652 INFO [main] org.apache.catalina.core.ApplicationContext.log SessionListener: contextInitialized()
25-May-2026 18:02:21.652 INFO [main] org.apache.catalina.core.ApplicationContext.log ContextListener: attributeAdded('StockTicker', 'async.Stockticker@a20b94b')
25-May-2026 18:02:23.388 SEVERE [http-nio-8080-exec-1] org.apache.catalina.core.StandardWrapperValve.invoke Servlet.service() for servlet [UserController] in context with path [/bd2022] threw exception
	java.lang.NullPointerException: inStream parameter is null
		at java.base/java.util.Objects.requireNonNull(Objects.java:259)
		at java.base/java.util.Properties.load(Properties.java:410)
		at jdbc.ConnectionFactory.getInstance(ConnectionFactory.java:32)
		at dao.DAOFactory.getInstance(DAOFactory.java:21)
		at controller.UserController.doGet(UserController.java:98)
		at javax.servlet.http.HttpServlet.service(HttpServlet.java:529)
		at javax.servlet.http.HttpServlet.service(HttpServlet.java:623)
		at org.apache.catalina.core.ApplicationFilterChain.internalDoFilter(ApplicationFilterChain.java:210)
		at org.apache.catalina.core.ApplicationFilterChain.doFilter(ApplicationFilterChain.java:154)
		at org.apache.tomcat.websocket.server.WsFilter.doFilter(WsFilter.java:51)
		at org.apache.catalina.core.ApplicationFilterChain.internalDoFilter(ApplicationFilterChain.java:179)
		at org.apache.catalina.core.ApplicationFilterChain.doFilter(ApplicationFilterChain.java:154)
		at org.apache.catalina.core.StandardWrapperValve.invoke(StandardWrapperValve.java:168)
		at org.apache.catalina.core.StandardContextValve.invoke(StandardContextValve.java:90)
		at org.apache.catalina.authenticator.AuthenticatorBase.invoke(AuthenticatorBase.java:481)
		at org.apache.catalina.core.StandardHostValve.invoke(StandardHostValve.java:130)
		at org.apache.catalina.valves.ErrorReportValve.invoke(ErrorReportValve.java:93)
		at org.apache.catalina.valves.AbstractAccessLogValve.invoke(AbstractAccessLogValve.java:670)
		at org.apache.catalina.core.StandardEngineValve.invoke(StandardEngineValve.java:74)
		at org.apache.catalina.connector.CoyoteAdapter.service(CoyoteAdapter.java:346)
		at org.apache.coyote.http11.Http11Processor.service(Http11Processor.java:390)
		at org.apache.coyote.AbstractProcessorLight.process(AbstractProcessorLight.java:63)
		at org.apache.coyote.AbstractProtocol$ConnectionHandler.process(AbstractProtocol.java:928)
		at org.apache.tomcat.util.net.NioEndpoint$SocketProcessor.doRun(NioEndpoint.java:1786)
		at org.apache.tomcat.util.net.SocketProcessorBase.run(SocketProcessorBase.java:52)
		at org.apache.tomcat.util.threads.ThreadPoolExecutor.runWorker(ThreadPoolExecutor.java:1191)
		at org.apache.tomcat.util.threads.ThreadPoolExecutor$Worker.run(ThreadPoolExecutor.java:659)
		at org.apache.tomcat.util.threads.TaskThread$WrappingRunnable.run(TaskThread.java:63)
		at java.base/java.lang.Thread.run(Thread.java:1583)
25-May-2026 18:02:26.106 SEVERE [http-nio-8080-exec-3] org.apache.catalina.core.StandardWrapperValve.invoke Servlet.service() for servlet [UserController] in context with path [/bd2022] threw exception
	java.lang.NullPointerException: inStream parameter is null
		at java.base/java.util.Objects.requireNonNull(Objects.java:259)
		at java.base/java.util.Properties.load(Properties.java:410)
		at jdbc.ConnectionFactory.getInstance(ConnectionFactory.java:32)
		at dao.DAOFactory.getInstance(DAOFactory.java:21)
		at controller.UserController.doGet(UserController.java:98)
		at javax.servlet.http.HttpServlet.service(HttpServlet.java:529)
		at javax.servlet.http.HttpServlet.service(HttpServlet.java:623)
		at org.apache.catalina.core.ApplicationFilterChain.internalDoFilter(ApplicationFilterChain.java:210)
		at org.apache.catalina.core.ApplicationFilterChain.doFilter(ApplicationFilterChain.java:154)
		at org.apache.tomcat.websocket.server.WsFilter.doFilter(WsFilter.java:51)
		at org.apache.catalina.core.ApplicationFilterChain.internalDoFilter(ApplicationFilterChain.java:179)
		at org.apache.catalina.core.ApplicationFilterChain.doFilter(ApplicationFilterChain.java:154)
		at org.apache.catalina.core.StandardWrapperValve.invoke(StandardWrapperValve.java:168)
		at org.apache.catalina.core.StandardContextValve.invoke(StandardContextValve.java:90)
		at org.apache.catalina.authenticator.AuthenticatorBase.invoke(AuthenticatorBase.java:481)
		at org.apache.catalina.core.StandardHostValve.invoke(StandardHostValve.java:130)
		at org.apache.catalina.valves.ErrorReportValve.invoke(ErrorReportValve.java:93)
		at org.apache.catalina.valves.AbstractAccessLogValve.invoke(AbstractAccessLogValve.java:670)
		at org.apache.catalina.core.StandardEngineValve.invoke(StandardEngineValve.java:74)
		at org.apache.catalina.connector.CoyoteAdapter.service(CoyoteAdapter.java:346)
		at org.apache.coyote.http11.Http11Processor.service(Http11Processor.java:390)
		at org.apache.coyote.AbstractProcessorLight.process(AbstractProcessorLight.java:63)
		at org.apache.coyote.AbstractProtocol$ConnectionHandler.process(AbstractProtocol.java:928)
		at org.apache.tomcat.util.net.NioEndpoint$SocketProcessor.doRun(NioEndpoint.java:1786)
		at org.apache.tomcat.util.net.SocketProcessorBase.run(SocketProcessorBase.java:52)
		at org.apache.tomcat.util.threads.ThreadPoolExecutor.runWorker(ThreadPoolExecutor.java:1191)
		at org.apache.tomcat.util.threads.ThreadPoolExecutor$Worker.run(ThreadPoolExecutor.java:659)
		at org.apache.tomcat.util.threads.TaskThread$WrappingRunnable.run(TaskThread.java:63)
		at java.base/java.lang.Thread.run(Thread.java:1583)
25-May-2026 18:03:31.717 INFO [main] org.apache.catalina.core.ApplicationContext.log SessionListener: contextDestroyed()
25-May-2026 18:03:31.717 INFO [main] org.apache.catalina.core.ApplicationContext.log ContextListener: contextDestroyed()
25-May-2026 18:03:41.575 INFO [main] org.apache.catalina.core.ApplicationContext.log ContextListener: contextInitialized()
25-May-2026 18:03:41.576 INFO [main] org.apache.catalina.core.ApplicationContext.log SessionListener: contextInitialized()
25-May-2026 18:03:41.578 INFO [main] org.apache.catalina.core.ApplicationContext.log ContextListener: attributeAdded('StockTicker', 'async.Stockticker@1f387978')
25-May-2026 18:04:54.665 INFO [main] org.apache.catalina.core.ApplicationContext.log SessionListener: contextDestroyed()
25-May-2026 18:04:54.665 INFO [main] org.apache.catalina.core.ApplicationContext.log ContextListener: contextDestroyed()
25-May-2026 18:05:24.825 INFO [main] org.apache.catalina.core.ApplicationContext.log ContextListener: contextInitialized()
25-May-2026 18:05:24.825 INFO [main] org.apache.catalina.core.ApplicationContext.log SessionListener: contextInitialized()
25-May-2026 18:05:24.826 INFO [main] org.apache.catalina.core.ApplicationContext.log ContextListener: attributeAdded('StockTicker', 'async.Stockticker@404db674')
25-May-2026 18:09:14.725 INFO [main] org.apache.catalina.core.ApplicationContext.log SessionListener: contextDestroyed()
25-May-2026 18:09:14.725 INFO [main] org.apache.catalina.core.ApplicationContext.log ContextListener: contextDestroyed()
25-May-2026 18:09:33.640 INFO [main] org.apache.catalina.core.ApplicationContext.log ContextListener: contextInitialized()
25-May-2026 18:09:33.641 INFO [main] org.apache.catalina.core.ApplicationContext.log SessionListener: contextInitialized()
25-May-2026 18:09:33.642 INFO [main] org.apache.catalina.core.ApplicationContext.log ContextListener: attributeAdded('StockTicker', 'async.Stockticker@65d8dff8')
25-May-2026 18:10:05.941 INFO [main] org.apache.catalina.core.ApplicationContext.log SessionListener: contextDestroyed()
25-May-2026 18:10:05.941 INFO [main] org.apache.catalina.core.ApplicationContext.log ContextListener: contextDestroyed()
25-May-2026 18:10:09.402 INFO [main] org.apache.catalina.core.ApplicationContext.log ContextListener: contextInitialized()
25-May-2026 18:10:09.405 INFO [main] org.apache.catalina.core.ApplicationContext.log SessionListener: contextInitialized()
25-May-2026 18:10:09.406 INFO [main] org.apache.catalina.core.ApplicationContext.log ContextListener: attributeAdded('StockTicker', 'async.Stockticker@5ff60a8c')
25-May-2026 18:10:20.132 INFO [main] org.apache.catalina.core.ApplicationContext.log SessionListener: contextDestroyed()
25-May-2026 18:10:20.132 INFO [main] org.apache.catalina.core.ApplicationContext.log ContextListener: contextDestroyed()
25-May-2026 18:10:24.450 INFO [main] org.apache.catalina.core.ApplicationContext.log ContextListener: contextInitialized()
25-May-2026 18:10:24.451 INFO [main] org.apache.catalina.core.ApplicationContext.log SessionListener: contextInitialized()
25-May-2026 18:10:24.451 INFO [main] org.apache.catalina.core.ApplicationContext.log ContextListener: attributeAdded('StockTicker', 'async.Stockticker@26d820eb')
25-May-2026 18:12:36.917 INFO [main] org.apache.catalina.core.ApplicationContext.log SessionListener: contextDestroyed()
25-May-2026 18:12:36.918 INFO [main] org.apache.catalina.core.ApplicationContext.log ContextListener: contextDestroyed()
25-May-2026 18:34:18.699 INFO [main] org.apache.catalina.core.ApplicationContext.log ContextListener: contextInitialized()
25-May-2026 18:34:18.699 INFO [main] org.apache.catalina.core.ApplicationContext.log SessionListener: contextInitialized()
25-May-2026 18:34:18.700 INFO [main] org.apache.catalina.core.ApplicationContext.log ContextListener: attributeAdded('StockTicker', 'async.Stockticker@2baa8d82')
25-May-2026 18:37:08.647 INFO [main] org.apache.catalina.core.ApplicationContext.log ContextListener: contextInitialized()
25-May-2026 18:37:08.647 INFO [main] org.apache.catalina.core.ApplicationContext.log SessionListener: contextInitialized()
25-May-2026 18:37:08.648 INFO [main] org.apache.catalina.core.ApplicationContext.log ContextListener: attributeAdded('StockTicker', 'async.Stockticker@36dfbdaf')
25-May-2026 18:37:08.725 INFO [main] org.apache.catalina.core.ApplicationContext.log SessionListener: contextDestroyed()
25-May-2026 18:37:08.725 INFO [main] org.apache.catalina.core.ApplicationContext.log ContextListener: contextDestroyed()
25-May-2026 18:37:19.708 INFO [main] org.apache.catalina.core.ApplicationContext.log SessionListener: contextDestroyed()
25-May-2026 18:37:19.708 INFO [main] org.apache.catalina.core.ApplicationContext.log ContextListener: contextDestroyed()
25-May-2026 18:44:41.240 INFO [main] org.apache.catalina.core.ApplicationContext.log ContextListener: contextInitialized()
25-May-2026 18:44:41.242 INFO [main] org.apache.catalina.core.ApplicationContext.log SessionListener: contextInitialized()
25-May-2026 18:44:41.243 INFO [main] org.apache.catalina.core.ApplicationContext.log ContextListener: attributeAdded('StockTicker', 'async.Stockticker@592238c5')
25-May-2026 18:45:42.666 INFO [main] org.apache.catalina.core.ApplicationContext.log SessionListener: contextDestroyed()
25-May-2026 18:45:42.667 INFO [main] org.apache.catalina.core.ApplicationContext.log ContextListener: contextDestroyed()
25-May-2026 18:45:54.151 INFO [main] org.apache.catalina.core.ApplicationContext.log ContextListener: contextInitialized()
25-May-2026 18:45:54.151 INFO [main] org.apache.catalina.core.ApplicationContext.log SessionListener: contextInitialized()
25-May-2026 18:45:54.152 INFO [main] org.apache.catalina.core.ApplicationContext.log ContextListener: attributeAdded('StockTicker', 'async.Stockticker@6972c30a')
25-May-2026 18:47:10.390 INFO [main] org.apache.catalina.core.ApplicationContext.log SessionListener: contextDestroyed()
25-May-2026 18:47:10.390 INFO [main] org.apache.catalina.core.ApplicationContext.log ContextListener: contextDestroyed()
25-May-2026 18:47:18.950 INFO [main] org.apache.catalina.core.ApplicationContext.log ContextListener: contextInitialized()
25-May-2026 18:47:18.950 INFO [main] org.apache.catalina.core.ApplicationContext.log SessionListener: contextInitialized()
25-May-2026 18:47:18.951 INFO [main] org.apache.catalina.core.ApplicationContext.log ContextListener: attributeAdded('StockTicker', 'async.Stockticker@3c904f1e')
25-May-2026 18:47:25.590 INFO [main] org.apache.catalina.core.ApplicationContext.log SessionListener: contextDestroyed()
25-May-2026 18:47:25.594 INFO [main] org.apache.catalina.core.ApplicationContext.log ContextListener: contextDestroyed()
25-May-2026 18:47:36.888 INFO [main] org.apache.catalina.core.ApplicationContext.log ContextListener: contextInitialized()
25-May-2026 18:47:36.888 INFO [main] org.apache.catalina.core.ApplicationContext.log SessionListener: contextInitialized()
25-May-2026 18:47:36.889 INFO [main] org.apache.catalina.core.ApplicationContext.log ContextListener: attributeAdded('StockTicker', 'async.Stockticker@7a7d1b47')
25-May-2026 18:48:39.790 INFO [main] org.apache.catalina.core.ApplicationContext.log SessionListener: contextDestroyed()
25-May-2026 18:48:39.793 INFO [main] org.apache.catalina.core.ApplicationContext.log ContextListener: contextDestroyed()
25-May-2026 18:49:26.716 INFO [main] org.apache.catalina.core.ApplicationContext.log ContextListener: contextInitialized()
25-May-2026 18:49:26.719 INFO [main] org.apache.catalina.core.ApplicationContext.log SessionListener: contextInitialized()
25-May-2026 18:49:26.719 INFO [main] org.apache.catalina.core.ApplicationContext.log ContextListener: attributeAdded('StockTicker', 'async.Stockticker@58496dc')
